
[90m┌[39m  Building storybook v10.1.5
[90m│[39m
[32m◇[39m  Cleaning outputDir:
[90m│[39m  [36m../../../../../../../../var/folders/6q/vlwmc_zx4zb1jxz7vfr8kcz40000gn/T/chromatic--79276-RE1ehi7JA86g[39m
[90m│[39m
[32m◇[39m  Loading presets
[90m│[39m
[33m▲[39m  Could not resolve addon "@storybook/addon-essentials", skipping. Is it
[90m│[39m  installed?
[90m│[39m
[33m▲[39m  Could not resolve addon "@storybook/addon-essentials", skipping. Is it
[90m│[39m  installed?
[90m│[39m
[32m◇[39m  Building manager..
[90m│[39m
[34m●[39m  Building preview..
[90m│[39m
[34m●[39m  Copying static files: [36m../../public[39m at
[90m│[39m  [36m../../../../../../../../var/folders/6q/vlwmc_zx4zb1jxz7vfr8kcz40000gn/T/chromatic--79276-RE1ehi7JA86g[39m
[90m│[39m  [43mVite[49m [36mvite v7.2.7 [32mbuilding client environment for production...[36m[39m
[90m│[39m  [43mVite[49m transforming...
[90m│[39m  [43mVite[49m [32m✓[39m 228 modules transformed.
[90m│[39m  [43mVite[49m rendering chunks...
[90m│[39m  [43mVite[49m computing gzip size...
[90m│[39m  [43mVite[49m
[90m│[39m  [2m../../../../../../../../var/folders/6q/vlwmc_zx4zb1jxz7vfr8kcz40000gn/T/chromatic--79276-RE1ehi7JA86g/[22m[32miframe.html[39m[1m[2m[22m
[90m│[39m  [2m17.89 kB[22m[1m[22m[2m │ gzip:   5.05 kB[22m
[90m│[39m  [43mVite[49m
[90m│[39m  [2m../../../../../../../../var/folders/6q/vlwmc_zx4zb1jxz7vfr8kcz40000gn/T/chromatic--79276-RE1ehi7JA86g/[22m[2massets/[22m[36mtable-DwGV4TeH.js[39m[1m[2m[22m
[90m│[39m  [2m0.50 kB[22m[1m[22m[2m │ gzip:   0.28 kB[22m
[90m│[39m  [43mVite[49m
[90m│[39m  [2m../../../../../../../../var/folders/6q/vlwmc_zx4zb1jxz7vfr8kcz40000gn/T/chromatic--79276-RE1ehi7JA86g/[22m[2massets/[22m[36mreact-18-BCIEKU64.js[39m[1m[2m[22m
[90m│[39m  [2m0.90 kB[22m[1m[22m[2m │ gzip:   0.51 kB[22m
[90m│[39m  [43mVite[49m
[90m│[39m  [2m../../../../../../../../var/folders/6q/vlwmc_zx4zb1jxz7vfr8kcz40000gn/T/chromatic--79276-RE1ehi7JA86g/[22m[2massets/[22m[36mpreload-helper-PPVm8Dsz.js[39m[1m[2m[22m
[90m│[39m  [2m1.23 kB[22m[1m[22m[2m │ gzip:   0.71 kB[22m
[90m│[39m  [43mVite[49m
[90m│[39m  [2m../../../../../../../../var/folders/6q/vlwmc_zx4zb1jxz7vfr8kcz40000gn/T/chromatic--79276-RE1ehi7JA86g/[22m[2massets/[22m[36mModal-HntAxahF.js[39m[1m[2m[22m
[90m│[39m  [2m2.60 kB[22m[1m[22m[2m │ gzip:   1.33 kB[22m
[90m│[39m  [43mVite[49m
[90m│[39m  [2m../../../../../../../../var/folders/6q/vlwmc_zx4zb1jxz7vfr8kcz40000gn/T/chromatic--79276-RE1ehi7JA86g/[22m[2massets/[22m[36mHelperText.stories-JS5DJxKm.js[39m[1m[2m[22m
[90m│[39m  [2m2.74 kB[22m[1m[22m[2m │ gzip:   1.01 kB[22m
[90m│[39m  [43mVite[49m
[90m│[39m  [2m../../../../../../../../var/folders/6q/vlwmc_zx4zb1jxz7vfr8kcz40000gn/T/chromatic--79276-RE1ehi7JA86g/[22m[2massets/[22m[36mBox-Dmh7Bdpg.js[39m[1m[2m[22m
[90m│[39m  [2m2.95 kB[22m[1m[22m[2m │ gzip:   0.55 kB[22m
[90m│[39m  [43mVite[49m
[90m│[39m  [2m../../../../../../../../var/folders/6q/vlwmc_zx4zb1jxz7vfr8kcz40000gn/T/chromatic--79276-RE1ehi7JA86g/[22m[2massets/[22m[36mDivider.stories-DJsmDskH.js[39m[1m[2m[22m
[90m│[39m  [2m2.96 kB[22m[1m[22m[2m │ gzip:   1.06 kB[22m
[90m│[39m  [43mVite[49m
[90m│[39m  [2m../../../../../../../../var/folders/6q/vlwmc_zx4zb1jxz7vfr8kcz40000gn/T/chromatic--79276-RE1ehi7JA86g/[22m[2massets/[22m[36mAlertModal.stories-CEwDLG96.js[39m[1m[2m[22m
[90m│[39m  [2m3.34 kB[22m[1m[22m[2m │ gzip:   1.58 kB[22m
[90m│[39m  [43mVite[49m
[90m│[39m  [2m../../../../../../../../var/folders/6q/vlwmc_zx4zb1jxz7vfr8kcz40000gn/T/chromatic--79276-RE1ehi7JA86g/[22m[2massets/[22m[36mChip.stories-CZgEZOxR.js[39m[1m[2m[22m
[90m│[39m  [2m3.77 kB[22m[1m[22m[2m │ gzip:   1.36 kB[22m
[90m│[39m  [43mVite[49m
[90m│[39m  [2m../../../../../../../../var/folders/6q/vlwmc_zx4zb1jxz7vfr8kcz40000gn/T/chromatic--79276-RE1ehi7JA86g/[22m[2massets/[22m[36mDivider-am_-Df68.js[39m[1m[2m[22m
[90m│[39m  [2m3.79 kB[22m[1m[22m[2m │ gzip:   0.82 kB[22m
[90m│[39m  [43mVite[49m
[90m│[39m  [2m../../../../../../../../var/folders/6q/vlwmc_zx4zb1jxz7vfr8kcz40000gn/T/chromatic--79276-RE1ehi7JA86g/[22m[2massets/[22m[36mAvatar-qGvyLG3w.js[39m[1m[2m[22m
[90m│[39m  [2m4.25 kB[22m[1m[22m[2m │ gzip:   1.15 kB[22m
[90m│[39m  [43mVite[49m
[90m│[39m  [2m../../../../../../../../var/folders/6q/vlwmc_zx4zb1jxz7vfr8kcz40000gn/T/chromatic--79276-RE1ehi7JA86g/[22m[2massets/[22m[36mScrollBox-Dc-bAaMF.js[39m[1m[2m[22m
[90m│[39m  [2m4.29 kB[22m[1m[22m[2m │ gzip:   0.77 kB[22m
[90m│[39m  [43mVite[49m
[90m│[39m  [2m../../../../../../../../var/folders/6q/vlwmc_zx4zb1jxz7vfr8kcz40000gn/T/chromatic--79276-RE1ehi7JA86g/[22m[2massets/[22m[36mPopper.stories-DITB0K-j.js[39m[1m[2m[22m
[90m│[39m  [2m4.35 kB[22m[1m[22m[2m │ gzip:   1.62 kB[22m
[90m│[39m  [43mVite[49m
[90m│[39m  [2m../../../../../../../../var/folders/6q/vlwmc_zx4zb1jxz7vfr8kcz40000gn/T/chromatic--79276-RE1ehi7JA86g/[22m[2massets/[22m[36mAvatar.stories-CkBdTsRn.js[39m[1m[2m[22m
[90m│[39m  [2m4.40 kB[22m[1m[22m[2m │ gzip:   1.50 kB[22m
[90m│[39m  [43mVite[49m
[90m│[39m  [2m../../../../../../../../var/folders/6q/vlwmc_zx4zb1jxz7vfr8kcz40000gn/T/chromatic--79276-RE1ehi7JA86g/[22m[2massets/[22m[36mCheckBoxGroup.stories-CP_m1Oy8.js[39m[1m[2m[22m
[90m│[39m  [2m4.65 kB[22m[1m[22m[2m │ gzip:   1.52 kB[22m
[90m│[39m  [43mVite[49m
[90m│[39m  [2m../../../../../../../../var/folders/6q/vlwmc_zx4zb1jxz7vfr8kcz40000gn/T/chromatic--79276-RE1ehi7JA86g/[22m[2massets/[22m[36mSwitchButton.stories-DcFS_Dpp.js[39m[1m[2m[22m
[90m│[39m  [2m4.68 kB[22m[1m[22m[2m │ gzip:   1.45 kB[22m
[90m│[39m  [43mVite[49m
[90m│[39m  [2m../../../../../../../../var/folders/6q/vlwmc_zx4zb1jxz7vfr8kcz40000gn/T/chromatic--79276-RE1ehi7JA86g/[22m[2massets/[22m[36mSkeleton-ByTMLKUF.js[39m[1m[2m[22m
[90m│[39m  [2m4.81 kB[22m[1m[22m[2m │ gzip:   1.16 kB[22m
[90m│[39m  [43mVite[49m
[90m│[39m  [2m../../../../../../../../var/folders/6q/vlwmc_zx4zb1jxz7vfr8kcz40000gn/T/chromatic--79276-RE1ehi7JA86g/[22m[2massets/[22m[36mLabel.stories-CvL7MiP6.js[39m[1m[2m[22m
[90m│[39m  [2m4.97 kB[22m[1m[22m[2m │ gzip:   1.65 kB[22m
[90m│[39m  [43mVite[49m
[90m│[39m  [2m../../../../../../../../var/folders/6q/vlwmc_zx4zb1jxz7vfr8kcz40000gn/T/chromatic--79276-RE1ehi7JA86g/[22m[2massets/[22m[36mTooltip.stories-B6QaZvhs.js[39m[1m[2m[22m
[90m│[39m  [2m4.98 kB[22m[1m[22m[2m │ gzip:   1.51 kB[22m
[90m│[39m  [43mVite[49m
[90m│[39m  [2m../../../../../../../../var/folders/6q/vlwmc_zx4zb1jxz7vfr8kcz40000gn/T/chromatic--79276-RE1ehi7JA86g/[22m[2massets/[22m[36mMenu.stories-BD9l2FQU.js[39m[1m[2m[22m
[90m│[39m  [2m5.21 kB[22m[1m[22m[2m │ gzip:   1.66 kB[22m
[90m│[39m  [43mVite[49m
[90m│[39m  [2m../../../../../../../../var/folders/6q/vlwmc_zx4zb1jxz7vfr8kcz40000gn/T/chromatic--79276-RE1ehi7JA86g/[22m[2massets/[22m[36mBadge.stories-FHpmYPuP.js[39m[1m[2m[22m
[90m│[39m  [2m5.47 kB[22m[1m[22m[2m │ gzip:   1.67 kB[22m
[90m│[39m  [43mVite[49m
[90m│[39m  [2m../../../../../../../../var/folders/6q/vlwmc_zx4zb1jxz7vfr8kcz40000gn/T/chromatic--79276-RE1ehi7JA86g/[22m[2massets/[22m[36mBadge-DbsR5fgm.js[39m[1m[2m[22m
[90m│[39m  [2m5.63 kB[22m[1m[22m[2m │ gzip:   1.35 kB[22m
[90m│[39m  [43mVite[49m
[90m│[39m  [2m../../../../../../../../var/folders/6q/vlwmc_zx4zb1jxz7vfr8kcz40000gn/T/chromatic--79276-RE1ehi7JA86g/[22m[2massets/[22m[36mProgress.stories-DkcjU3Fz.js[39m[1m[2m[22m
[90m│[39m  [2m5.64 kB[22m[1m[22m[2m │ gzip:   1.81 kB[22m
[90m│[39m  [43mVite[49m
[90m│[39m  [2m../../../../../../../../var/folders/6q/vlwmc_zx4zb1jxz7vfr8kcz40000gn/T/chromatic--79276-RE1ehi7JA86g/[22m[2massets/[22m[36mDrawer.stories-BZocOww3.js[39m[1m[2m[22m
[90m│[39m  [2m5.75 kB[22m[1m[22m[2m │ gzip:   2.01 kB[22m
[90m│[39m  [43mVite[49m
[90m│[39m  [2m../../../../../../../../var/folders/6q/vlwmc_zx4zb1jxz7vfr8kcz40000gn/T/chromatic--79276-RE1ehi7JA86g/[22m[2massets/[22m[36mModal.stories-DT422zP_.js[39m[1m[2m[22m
[90m│[39m  [2m5.80 kB[22m[1m[22m[2m │ gzip:   1.92 kB[22m
[90m│[39m  [43mVite[49m
[90m│[39m  [2m../../../../../../../../var/folders/6q/vlwmc_zx4zb1jxz7vfr8kcz40000gn/T/chromatic--79276-RE1ehi7JA86g/[22m[2massets/[22m[36mIcon.stories-DGwU-H_-.js[39m[1m[2m[22m
[90m│[39m  [2m6.14 kB[22m[1m[22m[2m │ gzip:   1.69 kB[22m
[90m│[39m  [43mVite[49m
[90m│[39m  [2m../../../../../../../../var/folders/6q/vlwmc_zx4zb1jxz7vfr8kcz40000gn/T/chromatic--79276-RE1ehi7JA86g/[22m[2massets/[22m[36mPopper-C2Iln-Fa.js[39m[1m[2m[22m
[90m│[39m  [2m6.23 kB[22m[1m[22m[2m │ gzip:   1.85 kB[22m
[90m│[39m  [43mVite[49m
[90m│[39m  [2m../../../../../../../../var/folders/6q/vlwmc_zx4zb1jxz7vfr8kcz40000gn/T/chromatic--79276-RE1ehi7JA86g/[22m[2massets/[22m[36mLInk.stories-CxxHcJpY.js[39m[1m[2m[22m
[90m│[39m  [2m6.24 kB[22m[1m[22m[2m │ gzip:   1.78 kB[22m
[90m│[39m  [43mVite[49m
[90m│[39m  [2m../../../../../../../../var/folders/6q/vlwmc_zx4zb1jxz7vfr8kcz40000gn/T/chromatic--79276-RE1ehi7JA86g/[22m[2massets/[22m[36mBox.stories-BXW4db5G.js[39m[1m[2m[22m
[90m│[39m  [2m6.38 kB[22m[1m[22m[2m │ gzip:   1.52 kB[22m
[90m│[39m  [43mVite[49m
[90m│[39m  [2m../../../../../../../../var/folders/6q/vlwmc_zx4zb1jxz7vfr8kcz40000gn/T/chromatic--79276-RE1ehi7JA86g/[22m[2massets/[22m[36mPagination.stories-CE88RJSl.js[39m[1m[2m[22m
[90m│[39m  [2m6.39 kB[22m[1m[22m[2m │ gzip:   1.58 kB[22m
[90m│[39m  [43mVite[49m
[90m│[39m  [2m../../../../../../../../var/folders/6q/vlwmc_zx4zb1jxz7vfr8kcz40000gn/T/chromatic--79276-RE1ehi7JA86g/[22m[2massets/[22m[36mProgress-MttP1qUG.js[39m[1m[2m[22m
[90m│[39m  [2m6.39 kB[22m[1m[22m[2m │ gzip:   1.61 kB[22m
[90m│[39m  [43mVite[49m
[90m│[39m  [2m../../../../../../../../var/folders/6q/vlwmc_zx4zb1jxz7vfr8kcz40000gn/T/chromatic--79276-RE1ehi7JA86g/[22m[2massets/[22m[36mToggleButton.stories-LZgsT1JY.js[39m[1m[2m[22m
[90m│[39m  [2m6.47 kB[22m[1m[22m[2m │ gzip:   1.84 kB[22m
[90m│[39m  [43mVite[49m
[90m│[39m  [2m../../../../../../../../var/folders/6q/vlwmc_zx4zb1jxz7vfr8kcz40000gn/T/chromatic--79276-RE1ehi7JA86g/[22m[2massets/[22m[36mPaper.stories-DfPoeakC.js[39m[1m[2m[22m
[90m│[39m  [2m6.69 kB[22m[1m[22m[2m │ gzip:   1.67 kB[22m
[90m│[39m  [43mVite[49m
[90m│[39m  [2m../../../../../../../../var/folders/6q/vlwmc_zx4zb1jxz7vfr8kcz40000gn/T/chromatic--79276-RE1ehi7JA86g/[22m[2massets/[22m[36mDrawer-QhA168Si.js[39m[1m[2m[22m
[90m│[39m  [2m6.72 kB[22m[1m[22m[2m │ gzip:   1.69 kB[22m
[90m│[39m  [43mVite[49m
[90m│[39m  [2m../../../../../../../../var/folders/6q/vlwmc_zx4zb1jxz7vfr8kcz40000gn/T/chromatic--79276-RE1ehi7JA86g/[22m[2massets/[22m[36mSnackBar.stories-DYnf44iU.js[39m[1m[2m[22m
[90m│[39m  [2m6.85 kB[22m[1m[22m[2m │ gzip:   2.12 kB[22m
[90m│[39m  [43mVite[49m
[90m│[39m  [2m../../../../../../../../var/folders/6q/vlwmc_zx4zb1jxz7vfr8kcz40000gn/T/chromatic--79276-RE1ehi7JA86g/[22m[2massets/[22m[36mFlex.stories-B7XTVCW6.js[39m[1m[2m[22m
[90m│[39m  [2m7.46 kB[22m[1m[22m[2m │ gzip:   1.90 kB[22m
[90m│[39m  [43mVite[49m
[90m│[39m  [2m../../../../../../../../var/folders/6q/vlwmc_zx4zb1jxz7vfr8kcz40000gn/T/chromatic--79276-RE1ehi7JA86g/[22m[2massets/[22m[36mLabel-PJRwRp88.js[39m[1m[2m[22m
[90m│[39m  [2m7.95 kB[22m[1m[22m[2m │ gzip:   1.22 kB[22m
[90m│[39m  [43mVite[49m
[90m│[39m  [2m../../../../../../../../var/folders/6q/vlwmc_zx4zb1jxz7vfr8kcz40000gn/T/chromatic--79276-RE1ehi7JA86g/[22m[2massets/[22m[36mScrollBox.stories-BjkQJcHv.js[39m[1m[2m[22m
[90m│[39m  [2m8.07 kB[22m[1m[22m[2m │ gzip:   1.82 kB[22m
[90m│[39m  [43mVite[49m
[90m│[39m  [2m../../../../../../../../var/folders/6q/vlwmc_zx4zb1jxz7vfr8kcz40000gn/T/chromatic--79276-RE1ehi7JA86g/[22m[2massets/[22m[36mPagination-aoKkhS97.js[39m[1m[2m[22m
[90m│[39m  [2m8.18 kB[22m[1m[22m[2m │ gzip:   2.22 kB[22m
[90m│[39m  [43mVite[49m
[90m│[39m  [2m../../../../../../../../var/folders/6q/vlwmc_zx4zb1jxz7vfr8kcz40000gn/T/chromatic--79276-RE1ehi7JA86g/[22m[2massets/[22m[36mGrid.stories-SPrBESs6.js[39m[1m[2m[22m
[90m│[39m  [2m8.23 kB[22m[1m[22m[2m │ gzip:   2.05 kB[22m
[90m│[39m  [43mVite[49m
[90m│[39m  [2m../../../../../../../../var/folders/6q/vlwmc_zx4zb1jxz7vfr8kcz40000gn/T/chromatic--79276-RE1ehi7JA86g/[22m[2massets/[22m[36mBreadcrumbs.stories-BDwVjw3A.js[39m[1m[2m[22m
[90m│[39m  [2m8.42 kB[22m[1m[22m[2m │ gzip:   2.14 kB[22m
[90m│[39m  [43mVite[49m
[90m│[39m  [2m../../../../../../../../var/folders/6q/vlwmc_zx4zb1jxz7vfr8kcz40000gn/T/chromatic--79276-RE1ehi7JA86g/[22m[2massets/[22m[36mButton.stories-BflEUkYb.js[39m[1m[2m[22m
[90m│[39m  [2m8.45 kB[22m[1m[22m[2m │ gzip:   2.51 kB[22m
[90m│[39m  [43mVite[49m
[90m│[39m  [2m../../../../../../../../var/folders/6q/vlwmc_zx4zb1jxz7vfr8kcz40000gn/T/chromatic--79276-RE1ehi7JA86g/[22m[2massets/[22m[36mLink-Caiv3wNA.js[39m[1m[2m[22m
[90m│[39m  [2m8.48 kB[22m[1m[22m[2m │ gzip:   1.41 kB[22m
[90m│[39m  [43mVite[49m
[90m│[39m  [2m../../../../../../../../var/folders/6q/vlwmc_zx4zb1jxz7vfr8kcz40000gn/T/chromatic--79276-RE1ehi7JA86g/[22m[2massets/[22m[36mIconButton.stories-B74BP4bk.js[39m[1m[2m[22m
[90m│[39m  [2m9.11 kB[22m[1m[22m[2m │ gzip:   2.02 kB[22m
[90m│[39m  [43mVite[49m
[90m│[39m  [2m../../../../../../../../var/folders/6q/vlwmc_zx4zb1jxz7vfr8kcz40000gn/T/chromatic--79276-RE1ehi7JA86g/[22m[2massets/[22m[36mTextField.stories-CX1qOqXv.js[39m[1m[2m[22m
[90m│[39m  [2m9.75 kB[22m[1m[22m[2m │ gzip:   2.23 kB[22m
[90m│[39m  [43mVite[49m
[90m│[39m  [2m../../../../../../../../var/folders/6q/vlwmc_zx4zb1jxz7vfr8kcz40000gn/T/chromatic--79276-RE1ehi7JA86g/[22m[2massets/[22m[36mAccordion.stories-Bbqn5FEn.js[39m[1m[2m[22m
[90m│[39m  [2m9.79 kB[22m[1m[22m[2m │ gzip:   2.74 kB[22m
[90m│[39m  [43mVite[49m
[90m│[39m  [2m../../../../../../../../var/folders/6q/vlwmc_zx4zb1jxz7vfr8kcz40000gn/T/chromatic--79276-RE1ehi7JA86g/[22m[2massets/[22m[36mTypography.stories-BSz0D2-G.js[39m[1m[2m[22m
[90m│[39m  [2m10.16 kB[22m[1m[22m[2m │ gzip:   2.65 kB[22m
[90m│[39m  [43mVite[49m
[90m│[39m  [2m../../../../../../../../var/folders/6q/vlwmc_zx4zb1jxz7vfr8kcz40000gn/T/chromatic--79276-RE1ehi7JA86g/[22m[2massets/[22m[36mSwitchButton-DJC40J4N.js[39m[1m[2m[22m
[90m│[39m  [2m11.21 kB[22m[1m[22m[2m │ gzip:   2.24 kB[22m
[90m│[39m  [43mVite[49m
[90m│[39m  [2m../../../../../../../../var/folders/6q/vlwmc_zx4zb1jxz7vfr8kcz40000gn/T/chromatic--79276-RE1ehi7JA86g/[22m[2massets/[22m[36mHelperText-DzDRf3hF.js[39m[1m[2m[22m
[90m│[39m  [2m12.07 kB[22m[1m[22m[2m │ gzip:   1.52 kB[22m
[90m│[39m  [43mVite[49m
[90m│[39m  [2m../../../../../../../../var/folders/6q/vlwmc_zx4zb1jxz7vfr8kcz40000gn/T/chromatic--79276-RE1ehi7JA86g/[22m[2massets/[22m[36mSkeleton.stories-C88_iB4d.js[39m[1m[2m[22m
[90m│[39m  [2m12.52 kB[22m[1m[22m[2m │ gzip:   2.75 kB[22m
[90m│[39m  [43mVite[49m
[90m│[39m  [2m../../../../../../../../var/folders/6q/vlwmc_zx4zb1jxz7vfr8kcz40000gn/T/chromatic--79276-RE1ehi7JA86g/[22m[2massets/[22m[36mSlider.stories-C8o-QLPj.js[39m[1m[2m[22m
[90m│[39m  [2m13.43 kB[22m[1m[22m[2m │ gzip:   3.55 kB[22m
[90m│[39m  [43mVite[49m
[90m│[39m  [2m../../../../../../../../var/folders/6q/vlwmc_zx4zb1jxz7vfr8kcz40000gn/T/chromatic--79276-RE1ehi7JA86g/[22m[2massets/[22m[36mMenu-DkflNZF3.js[39m[1m[2m[22m
[90m│[39m  [2m13.48 kB[22m[1m[22m[2m │ gzip:   2.02 kB[22m
[90m│[39m  [43mVite[49m
[90m│[39m  [2m../../../../../../../../var/folders/6q/vlwmc_zx4zb1jxz7vfr8kcz40000gn/T/chromatic--79276-RE1ehi7JA86g/[22m[2massets/[22m[36mChip-BuubX5cc.js[39m[1m[2m[22m
[90m│[39m  [2m13.86 kB[22m[1m[22m[2m │ gzip:   2.11 kB[22m
[90m│[39m  [43mVite[49m
[90m│[39m  [2m../../../../../../../../var/folders/6q/vlwmc_zx4zb1jxz7vfr8kcz40000gn/T/chromatic--79276-RE1ehi7JA86g/[22m[2massets/[22m[36mTabs.stories-CWypi3oS.js[39m[1m[2m[22m
[90m│[39m  [2m14.03 kB[22m[1m[22m[2m │ gzip:   4.16 kB[22m
[90m│[39m  [43mVite[49m
[90m│[39m  [2m../../../../../../../../var/folders/6q/vlwmc_zx4zb1jxz7vfr8kcz40000gn/T/chromatic--79276-RE1ehi7JA86g/[22m[2massets/[22m[36mResizablePanel.stories-BjhG8E1T.js[39m[1m[2m[22m
[90m│[39m  [2m15.93 kB[22m[1m[22m[2m │ gzip:   3.81 kB[22m
[90m│[39m  [43mVite[49m
[90m│[39m  [2m../../../../../../../../var/folders/6q/vlwmc_zx4zb1jxz7vfr8kcz40000gn/T/chromatic--79276-RE1ehi7JA86g/[22m[2massets/[22m[36mSelect.stories-D8OLLEAZ.js[39m[1m[2m[22m
[90m│[39m  [2m16.95 kB[22m[1m[22m[2m │ gzip:   3.41 kB[22m
[90m│[39m  [43mVite[49m
[90m│[39m  [2m../../../../../../../../var/folders/6q/vlwmc_zx4zb1jxz7vfr8kcz40000gn/T/chromatic--79276-RE1ehi7JA86g/[22m[2massets/[22m[36mToggleButton-BcCh4DgE.js[39m[1m[2m[22m
[90m│[39m  [2m18.40 kB[22m[1m[22m[2m │ gzip:   2.46 kB[22m
[90m│[39m  [43mVite[49m
[90m│[39m  [2m../../../../../../../../var/folders/6q/vlwmc_zx4zb1jxz7vfr8kcz40000gn/T/chromatic--79276-RE1ehi7JA86g/[22m[2massets/[22m[36mFloatingButton.stories-B8AN02qx.js[39m[1m[2m[22m
[90m│[39m  [2m19.06 kB[22m[1m[22m[2m │ gzip:   3.76 kB[22m
[90m│[39m  [43mVite[49m
[90m│[39m  [2m../../../../../../../../var/folders/6q/vlwmc_zx4zb1jxz7vfr8kcz40000gn/T/chromatic--79276-RE1ehi7JA86g/[22m[2massets/[22m[36mStepper.stories-CVHDU2KY.js[39m[1m[2m[22m
[90m│[39m  [2m19.67 kB[22m[1m[22m[2m │ gzip:   4.35 kB[22m
[90m│[39m  [43mVite[49m
[90m│[39m  [2m../../../../../../../../var/folders/6q/vlwmc_zx4zb1jxz7vfr8kcz40000gn/T/chromatic--79276-RE1ehi7JA86g/[22m[2massets/[22m[36mTreeView.stories-BDhO5yjL.js[39m[1m[2m[22m
[90m│[39m  [2m19.92 kB[22m[1m[22m[2m │ gzip:   5.02 kB[22m
[90m│[39m  [43mVite[49m
[90m│[39m  [2m../../../../../../../../var/folders/6q/vlwmc_zx4zb1jxz7vfr8kcz40000gn/T/chromatic--79276-RE1ehi7JA86g/[22m[2massets/[22m[36mButton-CFpO4Iog.js[39m[1m[2m[22m
[90m│[39m  [2m22.56 kB[22m[1m[22m[2m │ gzip:   3.08 kB[22m
[90m│[39m  [43mVite[49m
[90m│[39m  [2m../../../../../../../../var/folders/6q/vlwmc_zx4zb1jxz7vfr8kcz40000gn/T/chromatic--79276-RE1ehi7JA86g/[22m[2massets/[22m[36mRating.stories-DX0vx5Zy.js[39m[1m[2m[22m
[90m│[39m  [2m23.28 kB[22m[1m[22m[2m │ gzip:   4.67 kB[22m
[90m│[39m  [43mVite[49m
[90m│[39m  [2m../../../../../../../../var/folders/6q/vlwmc_zx4zb1jxz7vfr8kcz40000gn/T/chromatic--79276-RE1ehi7JA86g/[22m[2massets/[22m[36mRadioGroup.stories-Da5J1yK3.js[39m[1m[2m[22m
[90m│[39m  [2m24.38 kB[22m[1m[22m[2m │ gzip:   4.57 kB[22m
[90m│[39m  [43mVite[49m
[90m│[39m  [2m../../../../../../../../var/folders/6q/vlwmc_zx4zb1jxz7vfr8kcz40000gn/T/chromatic--79276-RE1ehi7JA86g/[22m[2massets/[22m[36mTextField-CMH3EQqO.js[39m[1m[2m[22m
[90m│[39m  [2m25.23 kB[22m[1m[22m[2m │ gzip:   3.78 kB[22m
[90m│[39m  [43mVite[49m
[90m│[39m  [2m../../../../../../../../var/folders/6q/vlwmc_zx4zb1jxz7vfr8kcz40000gn/T/chromatic--79276-RE1ehi7JA86g/[22m[2massets/[22m[36mSelect-BMMah02F.js[39m[1m[2m[22m
[90m│[39m  [2m26.78 kB[22m[1m[22m[2m │ gzip:   4.51 kB[22m
[90m│[39m  [43mVite[49m
[90m│[39m  [2m../../../../../../../../var/folders/6q/vlwmc_zx4zb1jxz7vfr8kcz40000gn/T/chromatic--79276-RE1ehi7JA86g/[22m[36mvite-inject-mocker-entry.js[39m[1m[2m[22m
[90m│[39m  [2m28.30 kB[22m[1m[22m[2m │ gzip:   9.84 kB[22m
[90m│[39m  [43mVite[49m
[90m│[39m  [2m../../../../../../../../var/folders/6q/vlwmc_zx4zb1jxz7vfr8kcz40000gn/T/chromatic--79276-RE1ehi7JA86g/[22m[2massets/[22m[36mmatchers-5TDFFDYO-HJu_DfWo.js[39m[1m[2m[22m
[90m│[39m  [2m29.23 kB[22m[1m[22m[2m │ gzip:  10.06 kB[22m
[90m│[39m  [43mVite[49m
[90m│[39m  [2m../../../../../../../../var/folders/6q/vlwmc_zx4zb1jxz7vfr8kcz40000gn/T/chromatic--79276-RE1ehi7JA86g/[22m[2massets/[22m[36mInfiniteTable.stories-DI_Msc3o.js[39m[1m[2m[22m
[90m│[39m  [2m31.21 kB[22m[1m[22m[2m │ gzip:   8.19 kB[22m
[90m│[39m  [43mVite[49m
[90m│[39m  [2m../../../../../../../../var/folders/6q/vlwmc_zx4zb1jxz7vfr8kcz40000gn/T/chromatic--79276-RE1ehi7JA86g/[22m[2massets/[22m[36mCheckBoxGroup-Dcbfdu3R.js[39m[1m[2m[22m
[90m│[39m  [2m31.21 kB[22m[1m[22m[2m │ gzip:   3.63 kB[22m
[90m│[39m  [43mVite[49m
[90m│[39m  [2m../../../../../../../../var/folders/6q/vlwmc_zx4zb1jxz7vfr8kcz40000gn/T/chromatic--79276-RE1ehi7JA86g/[22m[2massets/[22m[36mTable.stories-Crm1Usc-.js[39m[1m[2m[22m
[90m│[39m  [2m46.23 kB[22m[1m[22m[2m │ gzip:   9.76 kB[22m
[90m│[39m  [43mVite[49m
[90m│[39m  [2m../../../../../../../../var/folders/6q/vlwmc_zx4zb1jxz7vfr8kcz40000gn/T/chromatic--79276-RE1ehi7JA86g/[22m[2massets/[22m[36mTableTotalRows-CAGhNJGn.js[39m[1m[2m[22m
[90m│[39m  [2m54.17 kB[22m[1m[22m[2m │ gzip:   8.31 kB[22m
[90m│[39m  [43mVite[49m
[90m│[39m  [2m../../../../../../../../var/folders/6q/vlwmc_zx4zb1jxz7vfr8kcz40000gn/T/chromatic--79276-RE1ehi7JA86g/[22m[2massets/[22m[36mList.stories-DgUIRzoE.js[39m[1m[2m[22m
[90m│[39m  [2m152.59 kB[22m[1m[22m[2m │ gzip:  10.14 kB[22m
[90m│[39m  [43mVite[49m
[90m│[39m  [2m../../../../../../../../var/folders/6q/vlwmc_zx4zb1jxz7vfr8kcz40000gn/T/chromatic--79276-RE1ehi7JA86g/[22m[2massets/[22m[36maxe-C2eLmyzo.js[39m[1m[33m[39m
[90m│[39m  [33m579.42 kB[39m[22m[2m │ gzip: 159.47 kB[22m
[90m│[39m  [43mVite[49m
[90m│[39m  [2m../../../../../../../../var/folders/6q/vlwmc_zx4zb1jxz7vfr8kcz40000gn/T/chromatic--79276-RE1ehi7JA86g/[22m[2massets/[22m[36miframe-BX9ntdoK.js[39m
[90m│[39m  [36m[39m[1m[33m1,316.46 kB[39m[22m[2m │ gzip: 378.14 kB[22m
[90m│[39m
[33m▲[39m  [43mVite[49m[33m
[90m│[39m  (!) Some chunks are larger than 500 kB after minification. Consider:
[90m│[39m  - Using dynamic import() to code-split the application
[90m│[39m  - Use build.rollupOptions.output.manualChunks to improve chunking:
[90m│[39m  ]8;;https://rollupjs.org/configuration-options/#output-manualchunkshttps://rollupjs.org/configuration-options/#output-manualchunks]8;;
[90m│[39m  - Adjust chunk size limit for this warning via
[90m│[39m  build.chunkSizeWarningLimit.[39m
[90m│[39m  [43mVite[49m [32m✓ built in 6.10s[39m
[90m│[39m
[32m◇[39m  Output directory:
[90m│[39m  /var/folders/6q/vlwmc_zx4zb1jxz7vfr8kcz40000gn/T/chromatic--79276-RE1ehi7JA86g
[90m│[39m
[90m└[39m  Storybook build completed successfully

